// Jest Snapshot v1, https://goo.gl/fbAQLP

exports[`App UI Tests app snapshot 1`] = `
<div
  className="App"
>
  <header
    className="App-header"
  >
    <p>
      React Accurate Calculator
    </p>
  </header>
</div>
`;
